
[2026-09-25 12:40:30 +0530] CHECK=1
               total        used        free      shared  buff/cache   available
Mem:            15Gi       4.6Gi       7.7Gi        78Mi       3.7Gi        10Gi
Swap:          4.0Gi          0B       4.0Gi

/proc/meminfo:
MemTotal:       16305900 kB
MemFree:         8040596 kB
MemAvailable:   11509332 kB
Buffers:          240732 kB
Cached:          3423560 kB
SwapCached:            0 kB
Active:          5700652 kB
Inactive:        1757232 kB
Active(anon):    3860608 kB
Inactive(anon):        0 kB
Active(file):    1840044 kB
Inactive(file):  1757232 kB
Unevictable:        4520 kB
Mlocked:              16 kB
SwapTotal:       4194300 kB
SwapFree:        4194300 kB
Zswap:                 0 kB
Zswapped:              0 kB
Dirty:              1140 kB
Writeback:             0 kB
AnonPages:       3798072 kB
Mapped:          1303504 kB
Shmem:             80412 kB
KReclaimable:     211188 kB
Slab:             438640 kB
SReclaimable:     211188 kB
SUnreclaim:       227452 kB
KernelStack:       21952 kB
PageTables:        51608 kB
SecPageTables:         0 kB
NFS_Unstable:          0 kB
Bounce:                0 kB
WritebackTmp:          0 kB
CommitLimit:    12347248 kB
Committed_AS:   14833384 kB
VmallocTotal:   34359738367 kB
VmallocUsed:       94572 kB
VmallocChunk:          0 kB
Percpu:             4688 kB
HardwareCorrupted:     0 kB
AnonHugePages:         0 kB
ShmemHugePages:        0 kB
ShmemPmdMapped:        0 kB
FileHugePages:         0 kB
FilePmdMapped:         0 kB
Unaccepted:            0 kB
HugePages_Total:       0
HugePages_Free:        0
HugePages_Rsvd:        0
HugePages_Surp:        0
Hugepagesize:       2048 kB
Hugetlb:               0 kB
DirectMap4k:      492160 kB
DirectMap2M:     8873984 kB
DirectMap1G:     8388608 kB

VMSTAT:
procs -----------memory---------- ---swap-- -----io---- -system-- -------cpu-------
 r  b   swpd   free   buff  cache   si   so    bi    bo   in   cs us sy id wa st gu
 1  3      0 8040356 240732 3635088    0    0  7619   871 2782   10 11  4  8 77  0  0
 1  3      0 8036560 241172 3647448    0    0 12476     4 2911 3179 30  3 20 48  0  0

[2026-09-25 12:42:04 +0530] CHECK=2
               total        used        free      shared  buff/cache   available
Mem:            15Gi       4.8Gi       7.0Gi        78Mi       4.1Gi        10Gi
Swap:          4.0Gi          0B       4.0Gi

/proc/meminfo:
MemTotal:       16305900 kB
MemFree:         7343968 kB
MemAvailable:   11273084 kB
Buffers:          249616 kB
Cached:          3858980 kB
SwapCached:            0 kB
Active:          6343452 kB
Inactive:        1897664 kB
Active(anon):    4200424 kB
Inactive(anon):        0 kB
Active(file):    2143028 kB
Inactive(file):  1897664 kB
Unevictable:        4520 kB
Mlocked:              16 kB
SwapTotal:       4194300 kB
SwapFree:        4194300 kB
Zswap:                 0 kB
Zswapped:              0 kB
Dirty:              3284 kB
Writeback:             0 kB
AnonPages:       4136728 kB
Mapped:          1369952 kB
Shmem:             80436 kB
KReclaimable:     228152 kB
Slab:             457052 kB
SReclaimable:     228152 kB
SUnreclaim:       228900 kB
KernelStack:       21936 kB
PageTables:        53108 kB
SecPageTables:         0 kB
NFS_Unstable:          0 kB
Bounce:                0 kB
WritebackTmp:          0 kB
CommitLimit:    12347248 kB
Committed_AS:   15573924 kB
VmallocTotal:   34359738367 kB
VmallocUsed:       94604 kB
VmallocChunk:          0 kB
Percpu:             4688 kB
HardwareCorrupted:     0 kB
AnonHugePages:         0 kB
ShmemHugePages:        0 kB
ShmemPmdMapped:        0 kB
FileHugePages:         0 kB
FilePmdMapped:         0 kB
Unaccepted:            0 kB
HugePages_Total:       0
HugePages_Free:        0
HugePages_Rsvd:        0
HugePages_Surp:        0
Hugepagesize:       2048 kB
Hugetlb:               0 kB
DirectMap4k:      492160 kB
DirectMap2M:     8873984 kB
DirectMap1G:     8388608 kB

VMSTAT:
procs -----------memory---------- ---swap-- -----io---- -system-- -------cpu-------
 r  b   swpd   free   buff  cache   si   so    bi    bo   in   cs us sy id wa st gu
 0  1      0 7343968 249616 4087132    0    0  7185   743 2623   10 11  4 12 73  0  0
 0  2      0 7345180 249776 4088104    0    0   980  2728  997 1578  4  1 74 20  0  0

[2026-09-25 12:43:08 +0530] CHECK=3
               total        used        free      shared  buff/cache   available
Mem:            15Gi       5.0Gi       6.7Gi       105Mi       4.3Gi        10Gi
Swap:          4.0Gi          0B       4.0Gi

/proc/meminfo:
MemTotal:       16305900 kB
MemFree:         7007116 kB
MemAvailable:   11051912 kB
Buffers:          252724 kB
Cached:          3992360 kB
SwapCached:            0 kB
Active:          6598916 kB
Inactive:        1914428 kB
Active(anon):    4360212 kB
Inactive(anon):        0 kB
Active(file):    2238704 kB
Inactive(file):  1914428 kB
Unevictable:        4520 kB
Mlocked:              16 kB
SwapTotal:       4194300 kB
SwapFree:        4194300 kB
Zswap:                 0 kB
Zswapped:              0 kB
Dirty:              2504 kB
Writeback:             0 kB
AnonPages:       4272824 kB
Mapped:          1488552 kB
Shmem:            108080 kB
KReclaimable:     231392 kB
Slab:             460920 kB
SReclaimable:     231392 kB
SUnreclaim:       229528 kB
KernelStack:       21952 kB
PageTables:        54548 kB
SecPageTables:         0 kB
NFS_Unstable:          0 kB
Bounce:                0 kB
WritebackTmp:          0 kB
CommitLimit:    12347248 kB
Committed_AS:   15900448 kB
VmallocTotal:   34359738367 kB
VmallocUsed:       94604 kB
VmallocChunk:          0 kB
Percpu:             4688 kB
HardwareCorrupted:     0 kB
AnonHugePages:         0 kB
ShmemHugePages:        0 kB
ShmemPmdMapped:        0 kB
FileHugePages:         0 kB
FilePmdMapped:         0 kB
Unaccepted:            0 kB
HugePages_Total:       0
HugePages_Free:        0
HugePages_Rsvd:        0
HugePages_Surp:        0
Hugepagesize:       2048 kB
Hugetlb:               0 kB
DirectMap4k:      492160 kB
DirectMap2M:     8873984 kB
DirectMap1G:     8388608 kB

VMSTAT:
procs -----------memory---------- ---swap-- -----io---- -system-- -------cpu-------
 r  b   swpd   free   buff  cache   si   so    bi    bo   in   cs us sy id wa st gu
 1  0      0 7007116 252724 4223752    0    0  6618   684 2630   10 11  4 18 66  0  0
 2  0      0 7031664 252732 4224092    0    0   412     0 4012 4029 50 29 20  2  0  0

[2026-09-25 12:44:13 +0530] CHECK=4
               total        used        free      shared  buff/cache   available
Mem:            15Gi       4.5Gi       7.2Gi       105Mi       4.3Gi        11Gi
Swap:          4.0Gi          0B       4.0Gi

/proc/meminfo:
MemTotal:       16305900 kB
MemFree:         7579704 kB
MemAvailable:   11629892 kB
Buffers:          253008 kB
Cached:          3997156 kB
SwapCached:            0 kB
Active:          6063252 kB
Inactive:        1914792 kB
Active(anon):    3819824 kB
Inactive(anon):        0 kB
Active(file):    2243428 kB
Inactive(file):  1914792 kB
Unevictable:        4520 kB
Mlocked:              16 kB
SwapTotal:       4194300 kB
SwapFree:        4194300 kB
Zswap:                 0 kB
Zswapped:              0 kB
Dirty:               844 kB
Writeback:             0 kB
AnonPages:       3732292 kB
Mapped:          1230448 kB
Shmem:            108072 kB
KReclaimable:     231696 kB
Slab:             461264 kB
SReclaimable:     231696 kB
SUnreclaim:       229568 kB
KernelStack:       21668 kB
PageTables:        51976 kB
SecPageTables:         0 kB
NFS_Unstable:          0 kB
Bounce:                0 kB
WritebackTmp:          0 kB
CommitLimit:    12347248 kB
Committed_AS:   14746040 kB
VmallocTotal:   34359738367 kB
VmallocUsed:       94332 kB
VmallocChunk:          0 kB
Percpu:             4688 kB
HardwareCorrupted:     0 kB
AnonHugePages:         0 kB
ShmemHugePages:        0 kB
ShmemPmdMapped:        0 kB
FileHugePages:         0 kB
FilePmdMapped:         0 kB
Unaccepted:            0 kB
HugePages_Total:       0
HugePages_Free:        0
HugePages_Rsvd:        0
HugePages_Surp:        0
Hugepagesize:       2048 kB
Hugetlb:               0 kB
DirectMap4k:      492160 kB
DirectMap2M:     8873984 kB
DirectMap1G:     8388608 kB

VMSTAT:
procs -----------memory---------- ---swap-- -----io---- -system-- -------cpu-------
 r  b   swpd   free   buff  cache   si   so    bi    bo   in   cs us sy id wa st gu
 2  1      0 7579704 253008 4228852    0    0  6009   643 2623    9 14  4 22 60  0  0
 0  0      0 7587716 253008 4228864    0    0     0   236  794 1452  2  1 94  3  0  0

[2026-09-25 12:45:17 +0530] CHECK=5
               total        used        free      shared  buff/cache   available
Mem:            15Gi       4.5Gi       7.2Gi       105Mi       4.3Gi        11Gi
Swap:          4.0Gi          0B       4.0Gi

/proc/meminfo:
MemTotal:       16305900 kB
MemFree:         7575312 kB
MemAvailable:   11626396 kB
Buffers:          253324 kB
Cached:          3998304 kB
SwapCached:            0 kB
Active:          6071668 kB
Inactive:        1915364 kB
Active(anon):    3828116 kB
Inactive(anon):        0 kB
Active(file):    2243552 kB
Inactive(file):  1915364 kB
Unevictable:        4520 kB
Mlocked:              16 kB
SwapTotal:       4194300 kB
SwapFree:        4194300 kB
Zswap:                 0 kB
Zswapped:              0 kB
Dirty:               556 kB
Writeback:             0 kB
AnonPages:       3739928 kB
Mapped:          1230896 kB
Shmem:            108080 kB
KReclaimable:     231896 kB
Slab:             461468 kB
SReclaimable:     231896 kB
SUnreclaim:       229572 kB
KernelStack:       21680 kB
PageTables:        51928 kB
SecPageTables:         0 kB
NFS_Unstable:          0 kB
Bounce:                0 kB
WritebackTmp:          0 kB
CommitLimit:    12347248 kB
Committed_AS:   14765292 kB
VmallocTotal:   34359738367 kB
VmallocUsed:       94500 kB
VmallocChunk:          0 kB
Percpu:             4688 kB
HardwareCorrupted:     0 kB
AnonHugePages:         0 kB
ShmemHugePages:        0 kB
ShmemPmdMapped:        0 kB
FileHugePages:         0 kB
FilePmdMapped:         0 kB
Unaccepted:            0 kB
HugePages_Total:       0
HugePages_Free:        0
HugePages_Rsvd:        0
HugePages_Surp:        0
Hugepagesize:       2048 kB
Hugetlb:               0 kB
DirectMap4k:      522880 kB
DirectMap2M:     9891840 kB
DirectMap1G:     7340032 kB

VMSTAT:
procs -----------memory---------- ---swap-- -----io---- -system-- -------cpu-------
 r  b   swpd   free   buff  cache   si   so    bi    bo   in   cs us sy id wa st gu
 0  1      0 7575312 253324 4230200    0    0  5501   593 2495    9 13  4 28 55  0  0
 0  0      0 7572164 253324 4230200    0    0     0     0 1316 1866  4  2 94  1  0  0

[2026-09-25 12:46:22 +0530] CHECK=6
               total        used        free      shared  buff/cache   available
Mem:            15Gi       4.5Gi       7.2Gi       105Mi       4.3Gi        11Gi
Swap:          4.0Gi          0B       4.0Gi

/proc/meminfo:
MemTotal:       16305900 kB
MemFree:         7514388 kB
MemAvailable:   11564920 kB
Buffers:          253432 kB
Cached:          3998320 kB
SwapCached:            0 kB
Active:          6122456 kB
Inactive:        1914720 kB
Active(anon):    3878904 kB
Inactive(anon):        0 kB
Active(file):    2243552 kB
Inactive(file):  1914720 kB
Unevictable:        4520 kB
Mlocked:              16 kB
SwapTotal:       4194300 kB
SwapFree:        4194300 kB
Zswap:                 0 kB
Zswapped:              0 kB
Dirty:                44 kB
Writeback:             0 kB
AnonPages:       3789808 kB
Mapped:          1230544 kB
Shmem:            108076 kB
KReclaimable:     231988 kB
Slab:             461732 kB
SReclaimable:     231988 kB
SUnreclaim:       229744 kB
KernelStack:       21748 kB
PageTables:        51888 kB
SecPageTables:         0 kB
NFS_Unstable:          0 kB
Bounce:                0 kB
WritebackTmp:          0 kB
CommitLimit:    12347248 kB
Committed_AS:   14753260 kB
VmallocTotal:   34359738367 kB
VmallocUsed:       94548 kB
VmallocChunk:          0 kB
Percpu:             4688 kB
HardwareCorrupted:     0 kB
AnonHugePages:         0 kB
ShmemHugePages:        0 kB
ShmemPmdMapped:        0 kB
FileHugePages:         0 kB
FilePmdMapped:         0 kB
Unaccepted:            0 kB
HugePages_Total:       0
HugePages_Free:        0
HugePages_Rsvd:        0
HugePages_Surp:        0
Hugepagesize:       2048 kB
Hugetlb:               0 kB
DirectMap4k:      522880 kB
DirectMap2M:     9891840 kB
DirectMap1G:     7340032 kB

VMSTAT:
procs -----------memory---------- ---swap-- -----io---- -system-- -------cpu-------
 r  b   swpd   free   buff  cache   si   so    bi    bo   in   cs us sy id wa st gu
 0  0      0 7514388 253432 4230308    0    0  5071   550 2380    8 12  4 33 51  0  0
 0  0      0 7514388 253432 4230316    0    0     0    20  927 1795  3  1 96  0  0  0

[2026-09-25 12:47:26 +0530] CHECK=7
               total        used        free      shared  buff/cache   available
Mem:            15Gi       4.5Gi       7.2Gi       105Mi       4.3Gi        11Gi
Swap:          4.0Gi          0B       4.0Gi

/proc/meminfo:
MemTotal:       16305900 kB
MemFree:         7587940 kB
MemAvailable:   11638748 kB
Buffers:          253596 kB
Cached:          3998396 kB
SwapCached:            0 kB
Active:          6071624 kB
Inactive:        1914964 kB
Active(anon):    3828072 kB
Inactive(anon):        0 kB
Active(file):    2243552 kB
Inactive(file):  1914964 kB
Unevictable:        4520 kB
Mlocked:              16 kB
SwapTotal:       4194300 kB
SwapFree:        4194300 kB
Zswap:                 0 kB
Zswapped:              0 kB
Dirty:               224 kB
Writeback:             0 kB
AnonPages:       3739148 kB
Mapped:          1229076 kB
Shmem:            108072 kB
KReclaimable:     232020 kB
Slab:             461448 kB
SReclaimable:     232020 kB
SUnreclaim:       229428 kB
KernelStack:       21620 kB
PageTables:        51736 kB
SecPageTables:         0 kB
NFS_Unstable:          0 kB
Bounce:                0 kB
WritebackTmp:          0 kB
CommitLimit:    12347248 kB
Committed_AS:   14673680 kB
VmallocTotal:   34359738367 kB
VmallocUsed:       94420 kB
VmallocChunk:          0 kB
Percpu:             4688 kB
HardwareCorrupted:     0 kB
AnonHugePages:         0 kB
ShmemHugePages:        0 kB
ShmemPmdMapped:        0 kB
FileHugePages:         0 kB
FilePmdMapped:         0 kB
Unaccepted:            0 kB
HugePages_Total:       0
HugePages_Free:        0
HugePages_Rsvd:        0
HugePages_Surp:        0
Hugepagesize:       2048 kB
Hugetlb:               0 kB
DirectMap4k:      522880 kB
DirectMap2M:     9891840 kB
DirectMap1G:     7340032 kB

VMSTAT:
procs -----------memory---------- ---swap-- -----io---- -system-- -------cpu-------
 r  b   swpd   free   buff  cache   si   so    bi    bo   in   cs us sy id wa st gu
 0  0      0 7587940 253596 4230416    0    0  4703   515 2280    8 12  4 37 47  0  0
 0  0      0 7597724 253596 4230416    0    0     0     0  795 1394  3  1 96  0  0  0

[2026-09-25 12:48:31 +0530] CHECK=8
               total        used        free      shared  buff/cache   available
Mem:            15Gi       4.5Gi       7.2Gi       107Mi       4.3Gi        11Gi
Swap:          4.0Gi          0B       4.0Gi

/proc/meminfo:
MemTotal:       16305900 kB
MemFree:         7576468 kB
MemAvailable:   11630668 kB
Buffers:          254332 kB
Cached:          4001228 kB
SwapCached:            0 kB
Active:          6084888 kB
Inactive:        1917104 kB
Active(anon):    3840388 kB
Inactive(anon):        0 kB
Active(file):    2244500 kB
Inactive(file):  1917104 kB
Unevictable:        4520 kB
Mlocked:              16 kB
SwapTotal:       4194300 kB
SwapFree:        4194300 kB
Zswap:                 0 kB
Zswapped:              0 kB
Dirty:                40 kB
Writeback:             0 kB
AnonPages:       3750996 kB
Mapped:          1232020 kB
Shmem:            109652 kB
KReclaimable:     232324 kB
Slab:             461468 kB
SReclaimable:     232324 kB
SUnreclaim:       229144 kB
KernelStack:       21760 kB
PageTables:        52132 kB
SecPageTables:         0 kB
NFS_Unstable:          0 kB
Bounce:                0 kB
WritebackTmp:          0 kB
CommitLimit:    12347248 kB
Committed_AS:   14698356 kB
VmallocTotal:   34359738367 kB
VmallocUsed:       94516 kB
VmallocChunk:          0 kB
Percpu:             4688 kB
HardwareCorrupted:     0 kB
AnonHugePages:         0 kB
ShmemHugePages:        0 kB
ShmemPmdMapped:        0 kB
FileHugePages:         0 kB
FilePmdMapped:         0 kB
Unaccepted:            0 kB
HugePages_Total:       0
HugePages_Free:        0
HugePages_Rsvd:        0
HugePages_Surp:        0
Hugepagesize:       2048 kB
Hugetlb:               0 kB
DirectMap4k:      522880 kB
DirectMap2M:     9891840 kB
DirectMap1G:     7340032 kB

VMSTAT:
procs -----------memory---------- ---swap-- -----io---- -system-- -------cpu-------
 r  b   swpd   free   buff  cache   si   so    bi    bo   in   cs us sy id wa st gu
 0  0      0 7576468 254332 4233552    0    0  4387   485 2200    8 11  4 41 44  0  0
 0  0      0 7576476 254332 4233556    0    0     0    16  936 1871  2  1 97  0  0  0

[2026-09-25 12:49:35 +0530] CHECK=9
               total        used        free      shared  buff/cache   available
Mem:            15Gi       4.5Gi       7.2Gi       107Mi       4.3Gi        11Gi
Swap:          4.0Gi          0B       4.0Gi

/proc/meminfo:
MemTotal:       16305900 kB
MemFree:         7576432 kB
MemAvailable:   11634452 kB
Buffers:          254420 kB
Cached:          4005892 kB
SwapCached:            0 kB
Active:          6079580 kB
Inactive:        1916548 kB
Active(anon):    3830936 kB
Inactive(anon):        0 kB
Active(file):    2248644 kB
Inactive(file):  1916548 kB
Unevictable:        4520 kB
Mlocked:              16 kB
SwapTotal:       4194300 kB
SwapFree:        4194300 kB
Zswap:                 0 kB
Zswapped:              0 kB
Dirty:               100 kB
Writeback:             0 kB
AnonPages:       3740292 kB
Mapped:          1232044 kB
Shmem:            109740 kB
KReclaimable:     232556 kB
Slab:             461904 kB
SReclaimable:     232556 kB
SUnreclaim:       229348 kB
KernelStack:       21596 kB
PageTables:        51896 kB
SecPageTables:         0 kB
NFS_Unstable:          0 kB
Bounce:                0 kB
WritebackTmp:          0 kB
CommitLimit:    12347248 kB
Committed_AS:   14700700 kB
VmallocTotal:   34359738367 kB
VmallocUsed:       94420 kB
VmallocChunk:          0 kB
Percpu:             4688 kB
HardwareCorrupted:     0 kB
AnonHugePages:         0 kB
ShmemHugePages:        0 kB
ShmemPmdMapped:        0 kB
FileHugePages:         0 kB
FilePmdMapped:         0 kB
Unaccepted:            0 kB
HugePages_Total:       0
HugePages_Free:        0
HugePages_Rsvd:        0
HugePages_Surp:        0
Hugepagesize:       2048 kB
Hugetlb:               0 kB
DirectMap4k:      522880 kB
DirectMap2M:     9891840 kB
DirectMap1G:     7340032 kB

VMSTAT:
procs -----------memory---------- ---swap-- -----io---- -system-- -------cpu-------
 r  b   swpd   free   buff  cache   si   so    bi    bo   in   cs us sy id wa st gu
 0  0      0 7576432 254420 4238448    0    0  4113   457 2144    8 11  3 44 41  0  0
 0  0      0 7586416 254428 4238452    0    0     0    92 1086 2586  3  2 95  1  0  0

[2026-09-25 12:50:40 +0530] CHECK=10
               total        used        free      shared  buff/cache   available
Mem:            15Gi       4.4Gi       7.2Gi       107Mi       4.3Gi        11Gi
Swap:          4.0Gi          0B       4.0Gi

/proc/meminfo:
MemTotal:       16305900 kB
MemFree:         7581232 kB
MemAvailable:   11641028 kB
Buffers:          254836 kB
Cached:          4008072 kB
SwapCached:            0 kB
Active:          6095884 kB
Inactive:        1917860 kB
Active(anon):    3847240 kB
Inactive(anon):        0 kB
Active(file):    2248644 kB
Inactive(file):  1917860 kB
Unevictable:        4520 kB
Mlocked:              16 kB
SwapTotal:       4194300 kB
SwapFree:        4194300 kB
Zswap:                 0 kB
Zswapped:              0 kB
Dirty:               164 kB
Writeback:             0 kB
AnonPages:       3755384 kB
Mapped:          1232344 kB
Shmem:            109744 kB
KReclaimable:     233020 kB
Slab:             462232 kB
SReclaimable:     233020 kB
SUnreclaim:       229212 kB
KernelStack:       21600 kB
PageTables:        51712 kB
SecPageTables:         0 kB
NFS_Unstable:          0 kB
Bounce:                0 kB
WritebackTmp:          0 kB
CommitLimit:    12347248 kB
Committed_AS:   14719432 kB
VmallocTotal:   34359738367 kB
VmallocUsed:       94468 kB
VmallocChunk:          0 kB
Percpu:             4688 kB
HardwareCorrupted:     0 kB
AnonHugePages:         0 kB
ShmemHugePages:        0 kB
ShmemPmdMapped:        0 kB
FileHugePages:         0 kB
FilePmdMapped:         0 kB
Unaccepted:            0 kB
HugePages_Total:       0
HugePages_Free:        0
HugePages_Rsvd:        0
HugePages_Surp:        0
Hugepagesize:       2048 kB
Hugetlb:               0 kB
DirectMap4k:      522880 kB
DirectMap2M:     9891840 kB
DirectMap1G:     7340032 kB

VMSTAT:
procs -----------memory---------- ---swap-- -----io---- -system-- -------cpu-------
 r  b   swpd   free   buff  cache   si   so    bi    bo   in   cs us sy id wa st gu
 0  0      0 7581232 254836 4241092    0    0  3871   433 2079    8 11  3 47 39  0  0
 0  0      0 7581232 254836 4241096    0    0     0     8  686 1389  2  1 97  0  0  0

[2026-09-25 12:51:44 +0530] CHECK=11
               total        used        free      shared  buff/cache   available
Mem:            15Gi       4.5Gi       7.2Gi       107Mi       4.3Gi        11Gi
Swap:          4.0Gi          0B       4.0Gi

/proc/meminfo:
MemTotal:       16305900 kB
MemFree:         7575124 kB
MemAvailable:   11635264 kB
Buffers:          254928 kB
Cached:          4008248 kB
SwapCached:            0 kB
Active:          6087344 kB
Inactive:        1918052 kB
Active(anon):    3838628 kB
Inactive(anon):        0 kB
Active(file):    2248716 kB
Inactive(file):  1918052 kB
Unevictable:        4520 kB
Mlocked:              16 kB
SwapTotal:       4194300 kB
SwapFree:        4194300 kB
Zswap:                 0 kB
Zswapped:              0 kB
Dirty:               232 kB
Writeback:             0 kB
AnonPages:       3746600 kB
Mapped:          1231660 kB
Shmem:            109748 kB
KReclaimable:     233100 kB
Slab:             462232 kB
SReclaimable:     233100 kB
SUnreclaim:       229132 kB
KernelStack:       21684 kB
PageTables:        52276 kB
SecPageTables:         0 kB
NFS_Unstable:          0 kB
Bounce:                0 kB
WritebackTmp:          0 kB
CommitLimit:    12347248 kB
Committed_AS:   14719604 kB
VmallocTotal:   34359738367 kB
VmallocUsed:       94452 kB
VmallocChunk:          0 kB
Percpu:             4688 kB
HardwareCorrupted:     0 kB
AnonHugePages:         0 kB
ShmemHugePages:        0 kB
ShmemPmdMapped:        0 kB
FileHugePages:         0 kB
FilePmdMapped:         0 kB
Unaccepted:            0 kB
HugePages_Total:       0
HugePages_Free:        0
HugePages_Rsvd:        0
HugePages_Surp:        0
Hugepagesize:       2048 kB
Hugetlb:               0 kB
DirectMap4k:      522880 kB
DirectMap2M:     9891840 kB
DirectMap1G:     7340032 kB

VMSTAT:
procs -----------memory---------- ---swap-- -----io---- -system-- -------cpu-------
 r  b   swpd   free   buff  cache   si   so    bi    bo   in   cs us sy id wa st gu
 0  0      0 7575124 254928 4241348    0    0  3653   411 2017    7 10  3 50 37  0  0
 0  0      0 7575156 254928 4241348    0    0     0   192  671 1220  2  1 97  0  0  0

[2026-09-25 12:52:48 +0530] CHECK=12
               total        used        free      shared  buff/cache   available
Mem:            15Gi       4.4Gi       7.2Gi       107Mi       4.3Gi        11Gi
Swap:          4.0Gi          0B       4.0Gi

/proc/meminfo:
MemTotal:       16305900 kB
MemFree:         7582192 kB
MemAvailable:   11642512 kB
Buffers:          255012 kB
Cached:          4008328 kB
SwapCached:            0 kB
Active:          6106220 kB
Inactive:        1918188 kB
Active(anon):    3857504 kB
Inactive(anon):        0 kB
Active(file):    2248716 kB
Inactive(file):  1918188 kB
Unevictable:        4520 kB
Mlocked:              16 kB
SwapTotal:       4194300 kB
SwapFree:        4194300 kB
Zswap:                 0 kB
Zswapped:              0 kB
Dirty:                72 kB
Writeback:             0 kB
AnonPages:       3765600 kB
Mapped:          1231864 kB
Shmem:            109744 kB
KReclaimable:     233144 kB
Slab:             462528 kB
SReclaimable:     233144 kB
SUnreclaim:       229384 kB
KernelStack:       21672 kB
PageTables:        51936 kB
SecPageTables:         0 kB
NFS_Unstable:          0 kB
Bounce:                0 kB
WritebackTmp:          0 kB
CommitLimit:    12347248 kB
Committed_AS:   14699424 kB
VmallocTotal:   34359738367 kB
VmallocUsed:       94468 kB
VmallocChunk:          0 kB
Percpu:             4688 kB
HardwareCorrupted:     0 kB
AnonHugePages:         0 kB
ShmemHugePages:        0 kB
ShmemPmdMapped:        0 kB
FileHugePages:         0 kB
FilePmdMapped:         0 kB
Unaccepted:            0 kB
HugePages_Total:       0
HugePages_Free:        0
HugePages_Rsvd:        0
HugePages_Surp:        0
Hugepagesize:       2048 kB
Hugetlb:               0 kB
DirectMap4k:      522880 kB
DirectMap2M:     9891840 kB
DirectMap1G:     7340032 kB

VMSTAT:
procs -----------memory---------- ---swap-- -----io---- -system-- -------cpu-------
 r  b   swpd   free   buff  cache   si   so    bi    bo   in   cs us sy id wa st gu
 1  0      0 7582192 255012 4241472    0    0  3459   391 1961    7 10  3 52 35  0  0
 0  0      0 7589596 255012 4241476    0    0     0     0 1050 1870  3  2 94  0  0  0

[2026-09-25 12:53:53 +0530] CHECK=13
               total        used        free      shared  buff/cache   available
Mem:            15Gi       4.5Gi       7.2Gi       107Mi       4.3Gi        11Gi
Swap:          4.0Gi          0B       4.0Gi

/proc/meminfo:
MemTotal:       16305900 kB
MemFree:         7558816 kB
MemAvailable:   11619288 kB
Buffers:          255112 kB
Cached:          4008368 kB
SwapCached:            0 kB
Active:          6118636 kB
Inactive:        1918324 kB
Active(anon):    3869920 kB
Inactive(anon):        0 kB
Active(file):    2248716 kB
Inactive(file):  1918324 kB
Unevictable:        4520 kB
Mlocked:              16 kB
SwapTotal:       4194300 kB
SwapFree:        4194300 kB
Zswap:                 0 kB
Zswapped:              0 kB
Dirty:               148 kB
Writeback:             0 kB
AnonPages:       3777668 kB
Mapped:          1231632 kB
Shmem:            109748 kB
KReclaimable:     233160 kB
Slab:             462276 kB
SReclaimable:     233160 kB
SUnreclaim:       229116 kB
KernelStack:       21692 kB
PageTables:        52140 kB
SecPageTables:         0 kB
NFS_Unstable:          0 kB
Bounce:                0 kB
WritebackTmp:          0 kB
CommitLimit:    12347248 kB
Committed_AS:   14702860 kB
VmallocTotal:   34359738367 kB
VmallocUsed:       94516 kB
VmallocChunk:          0 kB
Percpu:             4688 kB
HardwareCorrupted:     0 kB
AnonHugePages:         0 kB
ShmemHugePages:        0 kB
ShmemPmdMapped:        0 kB
FileHugePages:         0 kB
FilePmdMapped:         0 kB
Unaccepted:            0 kB
HugePages_Total:       0
HugePages_Free:        0
HugePages_Rsvd:        0
HugePages_Surp:        0
Hugepagesize:       2048 kB
Hugetlb:               0 kB
DirectMap4k:      522880 kB
DirectMap2M:     9891840 kB
DirectMap1G:     7340032 kB

VMSTAT:
procs -----------memory---------- ---swap-- -----io---- -system-- -------cpu-------
 r  b   swpd   free   buff  cache   si   so    bi    bo   in   cs us sy id wa st gu
 0  0      0 7558816 255112 4241528    0    0  3284   373 1914    7 10  3 54 33  0  0
 0  0      0 7558816 255112 4241528    0    0     0     0  661 1415  2  1 97  0  0  0

[2026-09-25 12:54:57 +0530] CHECK=14
               total        used        free      shared  buff/cache   available
Mem:            15Gi       4.5Gi       7.2Gi       107Mi       4.3Gi        11Gi
Swap:          4.0Gi          0B       4.0Gi

/proc/meminfo:
MemTotal:       16305900 kB
MemFree:         7498044 kB
MemAvailable:   11614164 kB
Buffers:          255220 kB
Cached:          4063884 kB
SwapCached:            0 kB
Active:          6178852 kB
Inactive:        1918864 kB
Active(anon):    3875192 kB
Inactive(anon):        0 kB
Active(file):    2303660 kB
Inactive(file):  1918864 kB
Unevictable:        4520 kB
Mlocked:              16 kB
SwapTotal:       4194300 kB
SwapFree:        4194300 kB
Zswap:                 0 kB
Zswapped:              0 kB
Dirty:               288 kB
Writeback:             0 kB
AnonPages:       3783212 kB
Mapped:          1269212 kB
Shmem:            109808 kB
KReclaimable:     233324 kB
Slab:             462524 kB
SReclaimable:     233324 kB
SUnreclaim:       229200 kB
KernelStack:       21840 kB
PageTables:        52700 kB
SecPageTables:         0 kB
NFS_Unstable:          0 kB
Bounce:                0 kB
WritebackTmp:          0 kB
CommitLimit:    12347248 kB
Committed_AS:   14726652 kB
VmallocTotal:   34359738367 kB
VmallocUsed:       94612 kB
VmallocChunk:          0 kB
Percpu:             4688 kB
HardwareCorrupted:     0 kB
AnonHugePages:         0 kB
ShmemHugePages:        0 kB
ShmemPmdMapped:        0 kB
FileHugePages:         0 kB
FilePmdMapped:         0 kB
Unaccepted:            0 kB
HugePages_Total:       0
HugePages_Free:        0
HugePages_Rsvd:        0
HugePages_Surp:        0
Hugepagesize:       2048 kB
Hugetlb:               0 kB
DirectMap4k:      522880 kB
DirectMap2M:     9891840 kB
DirectMap1G:     7340032 kB

VMSTAT:
procs -----------memory---------- ---swap-- -----io---- -system-- -------cpu-------
 r  b   swpd   free   buff  cache   si   so    bi    bo   in   cs us sy id wa st gu
 1  1      0 7498044 255220 4297208    0    0  3167   357 1900    7  9  3 56 31  0  0
 0  1      0 7482700 255360 4309072    0    0 11508     4 2674 4205  4  3 70 24  0  0
